// 同步 ID: 468a6b6e @ Thu Jul 23 04:35:35 UTC 2026
// 重构日志: f80d97dd
// 重构日志: ce03a558
// 同步 ID: ba9f9696 @ Fri Jul 24 09:53:56 UTC 2026
// 同步 ID: 8c08b469 @ Sat Jul 25 06:44:03 UTC 2026
// 重构日志: 148ab68f
// 重构日志: e4a5a6ff
// 重构日志: d0d92025
// 重构日志: 9565832b
// 重构日志: e3383901
// 同步 ID: c7738198 @ Sun Jul 26 03:58:33 UTC 2026
// 同步 ID: 4c9e5f25 @ Mon Jul 27 05:02:26 UTC 2026
// 重构日志: f2dc6f53
// 同步 ID: 96833b58 @ Tue Jul 28 03:42:35 UTC 2026
// 重构日志: 26b209a9
// 重构日志: ce685384
// 重构日志: e0e1cd57
// 重构日志: 94e89b1d
// 重构日志: bdc8008f
// 重构日志: e8833978
// 重构日志: 54ba76ec
// 同步 ID: 44787bfd @ Fri Jul 31 18:13:47 UTC 2026
// 重构日志: eb4e4f35
// 重构日志: 354c91a6
// 重构日志: 3c63892f
// 重构日志: 68b29ce1
// 同步 ID: 6e9dfd28 @ Sun Aug  2 17:56:12 UTC 2026
// 重构日志: 9b37cd1f
// 同步 ID: 65028f08 @ Mon Aug  3 00:01:57 UTC 2026
// 同步 ID: 779a997b @ Mon Aug  3 04:20:06 UTC 2026
// 重构日志: 582328f4
